*sasex에 제약조건 걸기

SQL> create table sawon(
  2  sabun number(3),
  3  saname VARCHAR2(10),
  4  deptno number(3),
  5  sajob varchar2(10),
  6  sapay number(10),
  7  sahire date,
  8  sasex VARCHAR2(6),
  9  samgr number(3),
 10  constraint sawon_sasex_ck CHECK(sasex in ('남자', '여자'))
 11  );

Table created.

SQL> insert into sawon values(3,'이순신',2,'과장',3500,'1985/03/01','남자',2);

1 row created.

SQL> insert into sawon values(5,'이순라',3,'사원',1200,'1990/05/01','여자',3);

1 row created.

SQL> insert into sawon values(7,'놀기만',7,'과장',2300,'1996/06/01','중성',2);
insert into sawon values(7,'놀기만',7,'과장',2300,'1996/06/01','중성',2)
*


*제약조건을 걸었기 때문에 오류가 남
ERROR at line 1:
ORA-02290: check constraint (SCOTT.SAWON_SASEX_CK) violated


SQL> select owner, constraint_name, table_name
  2  from user_constraints;

OWNER
--------------------------------------------------------------------------------------------------------------------------------------------------------------------------------------------------------
CONSTRAINT_NAME                                              TABLE_NAME
------------------------------------------------------------ ------------------------------------------------------------
SCOTT
SAWON_SASEX_CK                                               SAWON


SQL>